/*C4*/SET SCHEMA PUBLIC
CREATE TABLE IF NOT EXISTS event (id VARCHAR(20), duration INTEGER, type VARCHAR(50), host VARCHAR(50), alert BOOLEAN)
INSERT INTO EVENT VALUES('scsmbstgrl',3,NULL,NULL,FALSE)
COMMIT
INSERT INTO EVENT VALUES('scsmbstgrn',8,NULL,NULL,TRUE)
COMMIT
INSERT INTO EVENT VALUES('scsmbstgro',3,NULL,NULL,FALSE)
COMMIT
INSERT INTO EVENT VALUES('scsmbstgrb',3,NULL,NULL,FALSE)
COMMIT
INSERT INTO EVENT VALUES('scsmbstgrc',8,NULL,NULL,TRUE)
COMMIT
INSERT INTO EVENT VALUES('scsmbstgre',1,NULL,NULL,FALSE)
COMMIT
INSERT INTO EVENT VALUES('scsmbstgrf',8,NULL,NULL,TRUE)
COMMIT
INSERT INTO EVENT VALUES('scsmbstgrh',3,NULL,NULL,FALSE)
COMMIT
INSERT INTO EVENT VALUES('scsmbstgri',8,NULL,NULL,TRUE)
COMMIT
INSERT INTO EVENT VALUES('scsmbstgrk',8,NULL,NULL,TRUE)
COMMIT
DISCONNECT
